# serializer version: 1
# name: test_forecast_service[daily]
  dict({
    'weather.home': dict({
      'forecast': list([
        dict({
          'condition': 'pouring',
          'condition_2': None,
          'condition_evol': <ConditionEvol.STABLE: 'stable'>,
          'datetime': '2023-12-28',
          'is_daytime': True,
          'precipitation': 0.1,
          'precipitation_probability': None,
          'sunrise': '2023-12-28T08:47:43+01:00',
          'sunset': '2023-12-28T16:34:06+01:00',
          'temperature': 11.0,
          'templow': 9.0,
          'text': '''
            Waarschuwingen 
            Vanavond zijn er in het noordwesten zware windstoten mogelijk van 75-90 km/uur (code geel).
            
            Vanochtend is het half bewolkt met in het noorden kans op een bui. De wind komt uit het zuidwesten en is matig tot vrij krachtig, aan de kust krachtig tot hard, windkracht 6-7, af en toe even stormachtig, windkracht 8. Aan de kust komen windstoten voor van ongeveer 80 km/uur.
            Vanmiddag is het half tot zwaar bewolkt met kans op een bui, vooral in het noorden en westen. De middagtemperatuur ligt rond 11°C. De wind komt uit het zuidwesten en is meestal vrij krachtig, aan de kust krachtig tot hard, windkracht 6-7, vooral later ook af en toe stormachtig, windkracht 8. Aan de kust zijn er windstoten tot ongeveer 80 km/uur.
            Vanavond zijn er buien, alleen in het zuidoosten is het overwegend droog. De wind komt uit het zuidwesten en is meestal vrij krachtig, aan de kust hard tot stormachtig, windkracht 7 tot 8. Vooral in het noordwesten zijn windstoten mogelijk van 75-90 km/uur.
            
            Komende nacht komen er enkele buien voor. Met een minimumtemperatuur van ongeveer 8°C is het zacht. De wind komt uit het zuidwesten en is matig tot vrij krachtig, aan zee krachtig tot hard, windkracht 6-7, met zware windstoten tot ongeveer 80 km/uur.
            
            Morgenochtend is het half tot zwaar bewolkt en zijn er enkele buien. De wind komt uit het zuidwesten en is matig tot vrij krachtig, aan zee krachtig hard, windkracht 6-7, met vooral in het noordwesten mogelijk zware windstoten tot ongeveer 80 km/uur.
            Morgenmiddag is er af en toe ruimte voor de zon en blijft het op de meeste plaatsen droog, alleen in het zuidoosten kan een enkele bui vallen. Met middagtemperaturen van ongeveer 10°C blijft het zacht. De wind uit het zuidwesten is matig tot vrij krachtig, aan zee krachtig tot hard, windkracht 6-7, met in het Waddengebied zware windstoten tot ongeveer 80 km/uur.
            Morgenavond is het half tot zwaar bewolkt met een enkele bui. De wind komt uit het zuidwesten en is meest matig, aan de kust krachtig tot hard, windkracht 6-7, boven de Wadden eerst stormachtig, windkracht 8. 
            (Bron: KNMI, 2023-12-28T06:56:00+01:00)
  
          ''',
          'wind_bearing': 225.0,
          'wind_gust_speed': 33.0,
          'wind_speed': 32.0,
        }),
        dict({
          'condition': 'partlycloudy',
          'condition_2': None,
          'condition_evol': <ConditionEvol.STABLE: 'stable'>,
          'datetime': '2023-12-29',
          'is_daytime': True,
          'precipitation': 3.8,
          'precipitation_probability': None,
          'sunrise': '2023-12-29T08:47:48+01:00',
          'sunset': '2023-12-29T16:35:00+01:00',
          'temperature': 10.0,
          'text': '',
          'wind_bearing': 248.0,
          'wind_gust_speed': 28.0,
          'wind_speed': 26.0,
        }),
        dict({
          'condition': 'pouring',
          'condition_2': None,
          'condition_evol': <ConditionEvol.STABLE: 'stable'>,
          'datetime': '2023-12-30',
          'is_daytime': True,
          'precipitation': 1.7,
          'precipitation_probability': None,
          'sunrise': '2023-12-30T08:47:49+01:00',
          'sunset': '2023-12-30T16:35:57+01:00',
          'temperature': 10.0,
          'templow': 5.0,
          'text': '',
          'wind_bearing': 225.0,
          'wind_gust_speed': 25.0,
          'wind_speed': 22.0,
        }),
        dict({
          'condition': 'pouring',
          'condition_2': None,
          'condition_evol': <ConditionEvol.STABLE: 'stable'>,
          'datetime': '2023-12-31',
          'is_daytime': True,
          'precipitation': 4.2,
          'precipitation_probability': None,
          'sunrise': '2023-12-31T08:47:47+01:00',
          'sunset': '2023-12-31T16:36:56+01:00',
          'temperature': 9.0,
          'templow': 7.0,
          'text': '',
          'wind_bearing': 203.0,
          'wind_gust_speed': 31.0,
          'wind_speed': 30.0,
        }),
        dict({
          'condition': 'pouring',
          'condition_2': None,
          'condition_evol': <ConditionEvol.STABLE: 'stable'>,
          'datetime': '2024-01-01',
          'is_daytime': True,
          'precipitation': 2.2,
          'precipitation_probability': None,
          'sunrise': '2024-01-01T08:47:42+01:00',
          'sunset': '2024-01-01T16:37:59+01:00',
          'temperature': 7.0,
          'templow': 5.0,
          'text': '',
          'wind_bearing': 225.0,
          'wind_gust_speed': 28.0,
          'wind_speed': 23.0,
        }),
        dict({
          'condition': 'pouring',
          'condition_2': None,
          'condition_evol': <ConditionEvol.STABLE: 'stable'>,
          'datetime': '2024-01-02',
          'is_daytime': True,
          'precipitation': 1.4,
          'precipitation_probability': None,
          'sunrise': '2024-01-02T08:47:32+01:00',
          'sunset': '2024-01-02T16:39:04+01:00',
          'temperature': 6.0,
          'templow': 3.0,
          'text': '',
          'wind_bearing': 225.0,
          'wind_gust_speed': 16.0,
          'wind_speed': 15.0,
        }),
        dict({
          'condition': 'pouring',
          'condition_2': None,
          'condition_evol': <ConditionEvol.STABLE: 'stable'>,
          'datetime': '2024-01-03',
          'is_daytime': True,
          'precipitation': 1.0,
          'precipitation_probability': None,
          'sunrise': '2024-01-03T08:47:20+01:00',
          'sunset': '2024-01-03T16:40:12+01:00',
          'temperature': 6.0,
          'templow': 3.0,
          'text': '',
          'wind_bearing': 203.0,
          'wind_gust_speed': 14.0,
          'wind_speed': 13.0,
        }),
      ]),
    }),
  })
# ---
# name: test_forecast_service[hourly]
  dict({
    'weather.home': dict({
      'forecast': list([
        dict({
          'condition': 'cloudy',
          'datetime': '2025-09-22T15:00:00+02:00',
          'is_daytime': True,
          'precipitation': 0.0,
          'precipitation_probability': 0,
          'pressure': 1008.0,
          'temperature': 10.0,
          'wind_bearing': 225.0,
          'wind_speed': 33.0,
        }),
        dict({
          'condition': 'cloudy',
          'datetime': '2025-09-22T16:00:00+02:00',
          'is_daytime': True,
          'precipitation': 0.0,
          'precipitation_probability': 0,
          'pressure': 1008.0,
          'temperature': 10.0,
          'wind_bearing': 225.0,
          'wind_speed': 32.0,
        }),
        dict({
          'condition': 'cloudy',
          'datetime': '2025-09-22T17:00:00+02:00',
          'is_daytime': False,
          'precipitation': 0.0,
          'precipitation_probability': 0,
          'pressure': 1007.0,
          'temperature': 10.0,
          'wind_bearing': 225.0,
          'wind_speed': 32.0,
        }),
        dict({
          'condition': 'cloudy',
          'datetime': '2025-09-22T18:00:00+02:00',
          'is_daytime': False,
          'precipitation': 0.0,
          'precipitation_probability': 0,
          'pressure': 1007.0,
          'temperature': 10.0,
          'wind_bearing': 225.0,
          'wind_speed': 35.0,
        }),
        dict({
          'condition': 'cloudy',
          'datetime': '2025-09-22T19:00:00+02:00',
          'is_daytime': False,
          'precipitation': 0.0,
          'precipitation_probability': 0,
          'pressure': 1006.0,
          'temperature': 10.0,
          'wind_bearing': 225.0,
          'wind_speed': 35.0,
        }),
        dict({
          'condition': 'cloudy',
          'datetime': '2025-09-22T20:00:00+02:00',
          'is_daytime': False,
          'precipitation': 0.0,
          'precipitation_probability': 0,
          'pressure': 1006.0,
          'temperature': 10.0,
          'wind_bearing': 225.0,
          'wind_speed': 35.0,
        }),
        dict({
          'condition': 'cloudy',
          'datetime': '2025-09-22T21:00:00+02:00',
          'is_daytime': False,
          'precipitation': 0.0,
          'precipitation_probability': 0,
          'pressure': 1006.0,
          'temperature': 10.0,
          'wind_bearing': 225.0,
          'wind_speed': 35.0,
        }),
        dict({
          'condition': 'pouring',
          'datetime': '2025-09-22T22:00:00+02:00',
          'is_daytime': False,
          'precipitation': 0.7,
          'precipitation_probability': 70,
          'pressure': 1006.0,
          'temperature': 10.0,
          'wind_bearing': 225.0,
          'wind_speed': 35.0,
        }),
        dict({
          'condition': 'pouring',
          'datetime': '2025-09-22T23:00:00+02:00',
          'is_daytime': False,
          'precipitation': 0.1,
          'precipitation_probability': 10,
          'pressure': 1006.0,
          'temperature': 10.0,
          'wind_bearing': 225.0,
          'wind_speed': 37.0,
        }),
        dict({
          'condition': 'cloudy',
          'datetime': '2025-09-23T00:00:00+02:00',
          'is_daytime': False,
          'precipitation': 0.0,
          'precipitation_probability': 20,
          'pressure': 1006.0,
          'temperature': 10.0,
          'wind_bearing': 225.0,
          'wind_speed': 35.0,
        }),
        dict({
          'condition': 'pouring',
          'datetime': '2025-09-23T01:00:00+02:00',
          'is_daytime': False,
          'precipitation': 1.9,
          'precipitation_probability': 80,
          'pressure': 1005.0,
          'temperature': 10.0,
          'wind_bearing': 225.0,
          'wind_speed': 31.0,
        }),
        dict({
          'condition': 'pouring',
          'datetime': '2025-09-23T02:00:00+02:00',
          'is_daytime': False,
          'precipitation': 0.6,
          'precipitation_probability': 70,
          'pressure': 1005.0,
          'temperature': 10.0,
          'wind_bearing': 248.0,
          'wind_speed': 38.0,
        }),
        dict({
          'condition': 'partlycloudy',
          'datetime': '2025-09-23T03:00:00+02:00',
          'is_daytime': False,
          'precipitation': 0.0,
          'precipitation_probability': 0,
          'pressure': 1005.0,
          'temperature': 10.0,
          'wind_bearing': 248.0,
          'wind_speed': 35.0,
        }),
        dict({
          'condition': 'cloudy',
          'datetime': '2025-09-23T04:00:00+02:00',
          'is_daytime': False,
          'precipitation': 0.0,
          'precipitation_probability': 0,
          'pressure': 1005.0,
          'temperature': 10.0,
          'wind_bearing': 248.0,
          'wind_speed': 34.0,
        }),
        dict({
          'condition': 'partlycloudy',
          'datetime': '2025-09-23T05:00:00+02:00',
          'is_daytime': False,
          'precipitation': 0.0,
          'precipitation_probability': 0,
          'pressure': 1005.0,
          'temperature': 9.0,
          'wind_bearing': 248.0,
          'wind_speed': 35.0,
        }),
        dict({
          'condition': 'cloudy',
          'datetime': '2025-09-23T06:00:00+02:00',
          'is_daytime': False,
          'precipitation': 0.0,
          'precipitation_probability': 0,
          'pressure': 1005.0,
          'temperature': 9.0,
          'wind_bearing': 248.0,
          'wind_speed': 34.0,
        }),
        dict({
          'condition': 'partlycloudy',
          'datetime': '2025-09-23T07:00:00+02:00',
          'is_daytime': False,
          'precipitation': 0.0,
          'precipitation_probability': 0,
          'pressure': 1005.0,
          'temperature': 9.0,
          'wind_bearing': 248.0,
          'wind_speed': 32.0,
        }),
        dict({
          'condition': 'partlycloudy',
          'datetime': '2025-09-23T08:00:00+02:00',
          'is_daytime': False,
          'precipitation': 0.0,
          'precipitation_probability': 0,
          'pressure': 1005.0,
          'temperature': 9.0,
          'wind_bearing': 248.0,
          'wind_speed': 31.0,
        }),
        dict({
          'condition': 'partlycloudy',
          'datetime': '2025-09-23T09:00:00+02:00',
          'is_daytime': True,
          'precipitation': 0.0,
          'precipitation_probability': 0,
          'pressure': 1005.0,
          'temperature': 9.0,
          'wind_bearing': 248.0,
          'wind_speed': 31.0,
        }),
        dict({
          'condition': 'cloudy',
          'datetime': '2025-09-23T10:00:00+02:00',
          'is_daytime': True,
          'precipitation': 0.0,
          'precipitation_probability': 0,
          'pressure': 1005.0,
          'temperature': 9.0,
          'wind_bearing': 248.0,
          'wind_speed': 32.0,
        }),
        dict({
          'condition': 'partlycloudy',
          'datetime': '2025-09-23T11:00:00+02:00',
          'is_daytime': True,
          'precipitation': 0.0,
          'precipitation_probability': 0,
          'pressure': 1006.0,
          'temperature': 10.0,
          'wind_bearing': 248.0,
          'wind_speed': 32.0,
        }),
        dict({
          'condition': 'partlycloudy',
          'datetime': '2025-09-23T12:00:00+02:00',
          'is_daytime': True,
          'precipitation': 0.0,
          'precipitation_probability': 0,
          'pressure': 1006.0,
          'temperature': 10.0,
          'wind_bearing': 248.0,
          'wind_speed': 34.0,
        }),
        dict({
          'condition': 'partlycloudy',
          'datetime': '2025-09-23T13:00:00+02:00',
          'is_daytime': True,
          'precipitation': 0.0,
          'precipitation_probability': 0,
          'pressure': 1006.0,
          'temperature': 10.0,
          'wind_bearing': 248.0,
          'wind_speed': 33.0,
        }),
        dict({
          'condition': 'partlycloudy',
          'datetime': '2025-09-23T14:00:00+02:00',
          'is_daytime': True,
          'precipitation': 0.0,
          'precipitation_probability': 0,
          'pressure': 1006.0,
          'temperature': 10.0,
          'wind_bearing': 248.0,
          'wind_speed': 31.0,
        }),
        dict({
          'condition': 'sunny',
          'datetime': '2025-09-23T15:00:00+02:00',
          'is_daytime': True,
          'precipitation': 0.0,
          'precipitation_probability': 0,
          'pressure': 1006.0,
          'temperature': 10.0,
          'wind_bearing': 248.0,
          'wind_speed': 28.0,
        }),
        dict({
          'condition': 'sunny',
          'datetime': '2025-09-23T16:00:00+02:00',
          'is_daytime': True,
          'precipitation': 0.0,
          'precipitation_probability': 0,
          'pressure': 1006.0,
          'temperature': 9.0,
          'wind_bearing': 248.0,
          'wind_speed': 24.0,
        }),
        dict({
          'condition': 'clear-night',
          'datetime': '2025-09-23T17:00:00+02:00',
          'is_daytime': False,
          'precipitation': 0.0,
          'precipitation_probability': 0,
          'pressure': 1006.0,
          'temperature': 8.0,
          'wind_bearing': 225.0,
          'wind_speed': 20.0,
        }),
        dict({
          'condition': 'partlycloudy',
          'datetime': '2025-09-23T18:00:00+02:00',
          'is_daytime': False,
          'precipitation': 0.0,
          'precipitation_probability': 0,
          'pressure': 1006.0,
          'temperature': 8.0,
          'wind_bearing': 225.0,
          'wind_speed': 18.0,
        }),
        dict({
          'condition': 'cloudy',
          'datetime': '2025-09-23T19:00:00+02:00',
          'is_daytime': False,
          'precipitation': 0.0,
          'precipitation_probability': 0,
          'pressure': 1005.0,
          'temperature': 8.0,
          'wind_bearing': 203.0,
          'wind_speed': 15.0,
        }),
        dict({
          'condition': 'pouring',
          'datetime': '2025-09-23T20:00:00+02:00',
          'is_daytime': False,
          'precipitation': 5.7,
          'precipitation_probability': 100,
          'pressure': 1005.0,
          'temperature': 8.0,
          'wind_bearing': 248.0,
          'wind_speed': 22.0,
        }),
        dict({
          'condition': 'pouring',
          'datetime': '2025-09-23T21:00:00+02:00',
          'is_daytime': False,
          'precipitation': 3.8,
          'precipitation_probability': 100,
          'pressure': 1006.0,
          'temperature': 7.0,
          'wind_bearing': 270.0,
          'wind_speed': 26.0,
        }),
        dict({
          'condition': 'partlycloudy',
          'datetime': '2025-09-23T22:00:00+02:00',
          'is_daytime': False,
          'precipitation': 0.0,
          'precipitation_probability': 0,
          'pressure': 1006.0,
          'temperature': 8.0,
          'wind_bearing': 248.0,
          'wind_speed': 24.0,
        }),
        dict({
          'condition': 'cloudy',
          'datetime': '2025-09-23T23:00:00+02:00',
          'is_daytime': False,
          'precipitation': 0.0,
          'precipitation_probability': 0,
          'pressure': 1007.0,
          'temperature': 7.0,
          'wind_bearing': 248.0,
          'wind_speed': 22.0,
        }),
        dict({
          'condition': 'partlycloudy',
          'datetime': '2025-09-24T00:00:00+02:00',
          'is_daytime': False,
          'precipitation': 0.0,
          'precipitation_probability': 0,
          'pressure': 1008.0,
          'temperature': 8.0,
          'wind_bearing': 270.0,
          'wind_speed': 26.0,
        }),
        dict({
          'condition': 'clear-night',
          'datetime': '2025-09-24T01:00:00+02:00',
          'is_daytime': False,
          'precipitation': 0.0,
          'precipitation_probability': 0,
          'pressure': 1007.0,
          'temperature': 7.0,
          'wind_bearing': 270.0,
          'wind_speed': 26.0,
        }),
        dict({
          'condition': 'clear-night',
          'datetime': '2025-09-24T02:00:00+02:00',
          'is_daytime': False,
          'precipitation': 0.0,
          'precipitation_probability': 0,
          'pressure': 1008.0,
          'temperature': 7.0,
          'wind_bearing': 270.0,
          'wind_speed': 24.0,
        }),
        dict({
          'condition': 'partlycloudy',
          'datetime': '2025-09-24T03:00:00+02:00',
          'is_daytime': False,
          'precipitation': 0.0,
          'precipitation_probability': 0,
          'pressure': 1008.0,
          'temperature': 7.0,
          'wind_bearing': 270.0,
          'wind_speed': 24.0,
        }),
        dict({
          'condition': 'clear-night',
          'datetime': '2025-09-24T04:00:00+02:00',
          'is_daytime': False,
          'precipitation': 0.0,
          'precipitation_probability': 0,
          'pressure': 1009.0,
          'temperature': 7.0,
          'wind_bearing': 248.0,
          'wind_speed': 23.0,
        }),
        dict({
          'condition': 'clear-night',
          'datetime': '2025-09-24T05:00:00+02:00',
          'is_daytime': False,
          'precipitation': 0.0,
          'precipitation_probability': 0,
          'pressure': 1009.0,
          'temperature': 6.0,
          'wind_bearing': 248.0,
          'wind_speed': 23.0,
        }),
        dict({
          'condition': 'partlycloudy',
          'datetime': '2025-09-24T06:00:00+02:00',
          'is_daytime': False,
          'precipitation': 0.0,
          'precipitation_probability': 0,
          'pressure': 1009.0,
          'temperature': 6.0,
          'wind_bearing': 248.0,
          'wind_speed': 21.0,
        }),
        dict({
          'condition': 'partlycloudy',
          'datetime': '2025-09-24T07:00:00+02:00',
          'is_daytime': False,
          'precipitation': 0.0,
          'precipitation_probability': 0,
          'pressure': 1010.0,
          'temperature': 6.0,
          'wind_bearing': 248.0,
          'wind_speed': 20.0,
        }),
        dict({
          'condition': 'partlycloudy',
          'datetime': '2025-09-24T08:00:00+02:00',
          'is_daytime': False,
          'precipitation': 0.0,
          'precipitation_probability': 0,
          'pressure': 1011.0,
          'temperature': 6.0,
          'wind_bearing': 248.0,
          'wind_speed': 17.0,
        }),
        dict({
          'condition': 'sunny',
          'datetime': '2025-09-24T09:00:00+02:00',
          'is_daytime': True,
          'precipitation': 0.0,
          'precipitation_probability': 0,
          'pressure': 1011.0,
          'temperature': 6.0,
          'wind_bearing': 248.0,
          'wind_speed': 13.0,
        }),
        dict({
          'condition': 'partlycloudy',
          'datetime': '2025-09-24T10:00:00+02:00',
          'is_daytime': True,
          'precipitation': 0.0,
          'precipitation_probability': 0,
          'pressure': 1012.0,
          'temperature': 5.0,
          'wind_bearing': 225.0,
          'wind_speed': 12.0,
        }),
      ]),
    }),
  })
# ---
# name: test_weather_nl[weather.home-entry]
  EntityRegistryEntrySnapshot({
    'aliases': set({
    }),
    'area_id': None,
    'capabilities': None,
    'config_entry_id': <ANY>,
    'config_subentry_id': <ANY>,
    'device_class': None,
    'device_id': <ANY>,
    'disabled_by': None,
    'domain': 'weather',
    'entity_category': None,
    'entity_id': 'weather.home',
    'has_entity_name': True,
    'hidden_by': None,
    'icon': None,
    'id': <ANY>,
    'labels': set({
    }),
    'name': None,
    'options': dict({
    }),
    'original_device_class': None,
    'original_icon': None,
    'original_name': None,
    'platform': 'irm_kmi',
    'previous_unique_id': None,
    'suggested_object_id': None,
    'supported_features': <WeatherEntityFeature: 7>,
    'translation_key': None,
    'unique_id': 'city country',
    'unit_of_measurement': None,
  })
# ---
# name: test_weather_nl[weather.home-state]
  StateSnapshot({
    'attributes': ReadOnlyDict({
      'attribution': 'Weather data from the Royal Meteorological Institute of Belgium meteo.be',
      'friendly_name': 'Home',
      'precipitation_unit': <UnitOfPrecipitationDepth.MILLIMETERS: 'mm'>,
      'pressure': 1008.0,
      'pressure_unit': <UnitOfPressure.HPA: 'hPa'>,
      'supported_features': <WeatherEntityFeature: 7>,
      'temperature': 11.0,
      'temperature_unit': <UnitOfTemperature.CELSIUS: '°C'>,
      'uv_index': 1,
      'visibility_unit': <UnitOfLength.KILOMETERS: 'km'>,
      'wind_bearing': 225.0,
      'wind_speed': 40.0,
      'wind_speed_unit': <UnitOfSpeed.KILOMETERS_PER_HOUR: 'km/h'>,
    }),
    'context': <ANY>,
    'entity_id': 'weather.home',
    'last_changed': <ANY>,
    'last_reported': <ANY>,
    'last_updated': <ANY>,
    'state': 'cloudy',
  })
# ---
